==========================================================
 ESTADO INICIAL - Fri Sep 25 20:39:27 -03 2026
==========================================================

--- make status ---
NAME                              READY   STATUS      RESTARTS   AGE
pod/consumidor-748d5c9d97-s5cmj   1/1     Running     0          28m
pod/criar-topico-lb86p            0/1     Completed   0          29m
pod/kafka-1-0                     1/1     Running     0          29m
pod/kafka-2-0                     1/1     Running     0          29m
pod/kafka-3-0                     1/1     Running     0          29m
pod/sensor-cmp-84b6cc4b94-fttkh   1/1     Running     0          28m
pod/sensor-cnd-6887b94d4-mr242    1/1     Running     0          28m
pod/sensor-frs-db98fb988-tqdd7    1/1     Running     0          28m
pod/sensor-rot-7459dcd574-t96pk   1/1     Running     0          28m
pod/sensor-sel-77cc567b94-p5tfs   1/1     Running     0          28m
pod/sensor-trn-7f88dfb546-zrdnr   1/1     Running     0          28m

NAME                                                 REFERENCE               TARGETS       MINPODS   MAXPODS   REPLICAS   AGE
horizontalpodautoscaler.autoscaling/consumidor-hpa   Deployment/consumidor   cpu: 3%/50%   1         3         1          28m

NAME                          CPU(cores)   MEMORY(bytes)   
consumidor-748d5c9d97-s5cmj   3m           24Mi            
kafka-1-0                     21m          428Mi           
kafka-2-0                     18m          426Mi           
kafka-3-0                     19m          410Mi           
sensor-cmp-84b6cc4b94-fttkh   1m           10Mi            
sensor-cnd-6887b94d4-mr242    1m           10Mi            
sensor-frs-db98fb988-tqdd7    1m           13Mi            
sensor-rot-7459dcd574-t96pk   1m           11Mi            
sensor-sel-77cc567b94-p5tfs   1m           12Mi            
sensor-trn-7f88dfb546-zrdnr   1m           19Mi            

--- make topico ---
kubectl exec -n fabrinteligente kafka-1-0 -- /opt/kafka/bin/kafka-topics.sh \
	--bootstrap-server kafka-1-0.kafka-headless:9092 --describe --topic dados-sensores
Topic: dados-sensores	TopicId: yoHhymVxTnyPqss-PqP8XA	PartitionCount: 3	ReplicationFactor: 3	Configs: min.insync.replicas=2
	Topic: dados-sensores	Partition: 0	Leader: 1	Replicas: 1,2,3	Isr: 1,2,3	Elr: 	LastKnownElr: 
	Topic: dados-sensores	Partition: 1	Leader: 2	Replicas: 2,1,3	Isr: 2,1,3	Elr: 	LastKnownElr: 
	Topic: dados-sensores	Partition: 2	Leader: 1	Replicas: 1,2,3	Isr: 1,2,3	Elr: 	LastKnownElr: 

--- make grupo ---
kubectl exec -n fabrinteligente kafka-1-0 -- /opt/kafka/bin/kafka-consumer-groups.sh \
	--bootstrap-server kafka-1-0.kafka-headless:9092 --describe --group processadores \
	--timeout 30000

GROUP           TOPIC           PARTITION  CURRENT-OFFSET  LOG-END-OFFSET  LAG             CONSUMER-ID                                                      HOST            CLIENT-ID
processadores   dados-sensores  1          1730            1732            2               consumidor-748d5c9d97-s5cmj-237f672f-e012-474d-87c7-b5d61824eb0d /10.244.0.212   consumidor-748d5c9d97-s5cmj
processadores   dados-sensores  0          1730            1732            2               consumidor-748d5c9d97-s5cmj-237f672f-e012-474d-87c7-b5d61824eb0d /10.244.0.212   consumidor-748d5c9d97-s5cmj
processadores   dados-sensores  2          1730            1732            2               consumidor-748d5c9d97-s5cmj-237f672f-e012-474d-87c7-b5d61824eb0d /10.244.0.212   consumidor-748d5c9d97-s5cmj