==========================================================
 TESTE DE FALHA DE BROKER - Fri Sep 25 20:40:40 -03 2026
 Broker alvo: kafka-2-0
==========================================================

--- 1. ESTADO INICIAL ---
Esperado: Isr com os tres brokers em todas as particoes

Topic: dados-sensores	TopicId: yoHhymVxTnyPqss-PqP8XA	PartitionCount: 3	ReplicationFactor: 3	Configs: min.insync.replicas=2
	Topic: dados-sensores	Partition: 0	Leader: 1	Replicas: 1,2,3	Isr: 1,2,3	Elr: 	LastKnownElr: 
	Topic: dados-sensores	Partition: 1	Leader: 2	Replicas: 2,1,3	Isr: 2,1,3	Elr: 	LastKnownElr: 
	Topic: dados-sensores	Partition: 2	Leader: 1	Replicas: 1,2,3	Isr: 1,2,3	Elr: 	LastKnownElr: 

--- 2. DERRUBANDO O BROKER kafka-2-0 ---
pod "kafka-2-0" deleted from fabrinteligente namespace

--- 3. ESTADO DURANTE A FALHA ---
Esperado: Isr reduzido a dois brokers e novos lideres eleitos.
O cluster responde normalmente, provando a tolerancia a falha.

Topic: dados-sensores	TopicId: yoHhymVxTnyPqss-PqP8XA	PartitionCount: 3	ReplicationFactor: 3	Configs: min.insync.replicas=2
	Topic: dados-sensores	Partition: 0	Leader: 1	Replicas: 1,2,3	Isr: 1,3	Elr: 	LastKnownElr: 
	Topic: dados-sensores	Partition: 1	Leader: 1	Replicas: 2,1,3	Isr: 1,3	Elr: 	LastKnownElr: 
	Topic: dados-sensores	Partition: 2	Leader: 1	Replicas: 1,2,3	Isr: 1,3	Elr: 	LastKnownElr: 

--- 4. PODS DURANTE A RECUPERACAO ---
NAME                          READY   STATUS      RESTARTS   AGE
consumidor-748d5c9d97-s5cmj   1/1     Running     0          30m
criar-topico-lb86p            0/1     Completed   0          30m
kafka-1-0                     1/1     Running     0          30m
kafka-2-0                     1/1     Running     0          5s
kafka-3-0                     1/1     Running     0          30m
sensor-cmp-84b6cc4b94-fttkh   1/1     Running     0          30m
sensor-cnd-6887b94d4-mr242    1/1     Running     0          30m
sensor-frs-db98fb988-tqdd7    1/1     Running     0          30m
sensor-rot-7459dcd574-t96pk   1/1     Running     0          30m
sensor-sel-77cc567b94-p5tfs   1/1     Running     0          30m
sensor-trn-7f88dfb546-zrdnr   1/1     Running     0          30m

--- 5. AGUARDANDO O KUBERNETES RECRIAR O POD (ate 120s) ---
pod/kafka-2-0 condition met

--- 6. AGUARDANDO A RESSINCRONIZACAO DAS REPLICAS (30s) ---

--- 7. ESTADO FINAL ---
Esperado: Isr novamente com os tres brokers.
Observacao: o broker que voltou nao retoma automaticamente a
lideranca das particoes; isso exige eleicao explicita ou a
opcao auto.leader.rebalance.enable.

Topic: dados-sensores	TopicId: yoHhymVxTnyPqss-PqP8XA	PartitionCount: 3	ReplicationFactor: 3	Configs: min.insync.replicas=2
	Topic: dados-sensores	Partition: 0	Leader: 1	Replicas: 1,2,3	Isr: 1,3,2	Elr: 	LastKnownElr: 
	Topic: dados-sensores	Partition: 1	Leader: 1	Replicas: 2,1,3	Isr: 1,3,2	Elr: 	LastKnownElr: 
	Topic: dados-sensores	Partition: 2	Leader: 1	Replicas: 1,2,3	Isr: 1,3,2	Elr: 	LastKnownElr: 

--- 8. SENSORES E CONSUMIDORES CONTINUARAM ATIVOS? ---
NAME                          READY   STATUS      RESTARTS   AGE
consumidor-748d5c9d97-s5cmj   1/1     Running     0          30m
criar-topico-lb86p            0/1     Completed   0          31m
kafka-1-0                     1/1     Running     0          31m
kafka-2-0                     1/1     Running     0          41s
kafka-3-0                     1/1     Running     0          31m
sensor-cmp-84b6cc4b94-fttkh   1/1     Running     0          30m
sensor-cnd-6887b94d4-mr242    1/1     Running     0          30m
sensor-frs-db98fb988-tqdd7    1/1     Running     0          30m
sensor-rot-7459dcd574-t96pk   1/1     Running     0          30m
sensor-sel-77cc567b94-p5tfs   1/1     Running     0          30m
sensor-trn-7f88dfb546-zrdnr   1/1     Running     0          30m

Evidencias salvas em: logs/falha-broker-20260925-204040.log
