20:39:22  NAME                          READY   STATUS      RESTARTS   AGE
20:39:22  consumidor-748d5c9d97-s5cmj   1/1     Running     0          28m
20:39:22  criar-topico-lb86p            0/1     Completed   0          28m
20:39:22  kafka-1-0                     1/1     Running     0          29m
20:39:22  kafka-2-0                     1/1     Running     0          29m
20:39:22  kafka-3-0                     1/1     Running     0          29m
20:39:22  sensor-cmp-84b6cc4b94-fttkh   1/1     Running     0          28m
20:39:22  sensor-cnd-6887b94d4-mr242    1/1     Running     0          28m
20:39:22  sensor-frs-db98fb988-tqdd7    1/1     Running     0          28m
20:39:22  sensor-rot-7459dcd574-t96pk   1/1     Running     0          28m
20:39:22  sensor-sel-77cc567b94-p5tfs   1/1     Running     0          28m
20:39:22  sensor-trn-7f88dfb546-zrdnr   1/1     Running     0          28m
20:40:44  kafka-2-0                     1/1     Terminating   0          30m
20:40:44  kafka-2-0                     1/1     Terminating   0          30m
20:40:47  kafka-2-0                     0/1     Error         0          30m
20:40:47  kafka-2-0                     0/1     Error         0          30m
20:40:47  kafka-2-0                     0/1     Error         0          30m
20:40:47  kafka-2-0                     0/1     Error         0          30m
20:40:47  kafka-2-0                     0/1     Pending       0          0s
20:40:47  kafka-2-0                     0/1     Pending       0          0s
20:40:47  kafka-2-0                     0/1     ContainerCreating   0          0s
20:40:48  kafka-2-0                     0/1     ContainerCreating   0          1s
20:40:48  kafka-2-0                     1/1     Running             0          1s
20:41:12  sensor-frs-db98fb988-tqdd7    1/1     Running             0          30m
20:41:35  sensor-sel-77cc567b94-p5tfs   1/1     Running             0          30m
20:41:54  sensor-rot-7459dcd574-t96pk   1/1     Running             0          31m
20:41:55  kafka-1-0                     1/1     Running             0          31m
20:42:05  kafka-2-0                     1/1     Running             0          78s
20:42:10  consumidor-748d5c9d97-pr84r   0/1     Pending             0          0s
20:42:10  consumidor-748d5c9d97-pr84r   0/1     Pending             0          0s
20:42:10  consumidor-748d5c9d97-fw2f8   0/1     Pending             0          0s
20:42:10  consumidor-748d5c9d97-fw2f8   0/1     Pending             0          0s
20:42:10  consumidor-748d5c9d97-pr84r   0/1     ContainerCreating   0          0s
20:42:10  consumidor-748d5c9d97-fw2f8   0/1     ContainerCreating   0          0s
20:42:11  consumidor-748d5c9d97-pr84r   0/1     ContainerCreating   0          1s
20:42:11  consumidor-748d5c9d97-fw2f8   0/1     ContainerCreating   0          1s
20:42:11  consumidor-748d5c9d97-pr84r   1/1     Running             0          1s
20:42:11  consumidor-748d5c9d97-fw2f8   1/1     Running             0          1s
20:42:44  consumidor-748d5c9d97-fw2f8   1/1     Terminating         0          34s
20:42:44  consumidor-748d5c9d97-l8kxp   0/1     Pending             0          0s
20:42:44  consumidor-748d5c9d97-fw2f8   1/1     Terminating         0          34s
20:42:44  consumidor-748d5c9d97-l8kxp   0/1     Pending             0          0s
20:42:44  consumidor-748d5c9d97-l8kxp   0/1     ContainerCreating   0          0s
20:42:44  consumidor-748d5c9d97-l8kxp   0/1     ContainerCreating   0          0s
20:42:45  consumidor-748d5c9d97-l8kxp   1/1     Running             0          1s
20:42:45  consumidor-748d5c9d97-fw2f8   0/1     Completed           0          35s
20:42:45  consumidor-748d5c9d97-fw2f8   0/1     Completed           0          35s
20:42:45  consumidor-748d5c9d97-fw2f8   0/1     Completed           0          35s
20:42:57  sensor-sel-77cc567b94-p5tfs   1/1     Running             0          32m
20:42:58  kafka-1-0                     1/1     Running             0          32m
20:43:08  sensor-rot-7459dcd574-t96pk   1/1     Running             0          32m
20:43:14  consumidor-748d5c9d97-pr84r   1/1     Running             0          64s
20:43:26  sensor-trn-7f88dfb546-zrdnr   1/1     Running             0          32m
20:43:56  consumidor-748d5c9d97-l8kxp   1/1     Running             0          72s
20:44:03  consumidor-748d5c9d97-l8kxp   1/1     Terminating         0          79s
20:44:03  consumidor-748d5c9d97-pr84r   1/1     Terminating         0          113s
20:44:03  consumidor-748d5c9d97-l8kxp   1/1     Terminating         0          79s
20:44:03  consumidor-748d5c9d97-pr84r   1/1     Terminating         0          113s
20:44:03  consumidor-748d5c9d97-pr84r   0/1     Completed           0          113s
20:44:03  consumidor-748d5c9d97-l8kxp   0/1     Completed           0          79s
20:44:04  consumidor-748d5c9d97-pr84r   0/1     Completed           0          114s
20:44:04  consumidor-748d5c9d97-pr84r   0/1     Completed           0          114s
20:44:04  consumidor-748d5c9d97-l8kxp   0/1     Completed           0          80s
20:44:04  consumidor-748d5c9d97-l8kxp   0/1     Completed           0          80s
20:44:17  sensor-sel-77cc567b94-p5tfs   1/1     Running             0          33m
20:44:27  kafka-1-0                     1/1     Running             0          34m
20:44:44  sensor-trn-7f88dfb546-zrdnr   1/1     Running             0          34m
